#18.2.7.MySQL分区如何处理NULL
MySQL 中的分区在禁止空值（NULL）上没有进行处理，无论它是一个列值还是一个用户定义表达式的值。尽管允许那些必须产生整型的表达式使用NULL值。但你要记住NULL不是一个数字。MySQL的分区把NULL看着小于任何非null的值，就像ORDER BY 一样。

这意味着不同类型分区以不同的方式看待NULL,如果你并没有准备好它并，可能产生不是希望的那样结果。既然如此,我们在本节中讨论每种类型分区是如何处理NULL值,并对于每种类型提供事例。

**RANGE 分区处理NULL**。如果插入一行到RANGE分区表，分区列是空值，该行被插入到最小分区。假设下面p数据库的两张表，创建如下：
   
    mysql> CREATE TABLE t1 (
    ->     c1 INT,
    ->     c2 VARCHAR(20)
    -> )
    -> PARTITION BY RANGE(c1) (
    ->     PARTITION p0 VALUES LESS THAN (0),
    ->     PARTITION p1 VALUES LESS THAN (10),
    ->     PARTITION p2 VALUES LESS THAN MAXVALUE
    -> );
     Query OK, 0 rows affected (0.09 sec)

    mysql> CREATE TABLE t2 (
    ->     c1 INT,
    ->     c2 VARCHAR(20)
    -> )
    -> PARTITION BY RANGE(c1) (
    ->     PARTITION p0 VALUES LESS THAN (-5),
    ->     PARTITION p1 VALUES LESS THAN (0),
    ->     PARTITION p2 VALUES LESS THAN (10),
    ->     PARTITION p3 VALUES LESS THAN MAXVALUE
    -> );
    Query OK, 0 rows affected (0.09 sec)

你可以通过下列查询 INFORMATION_SCHEMA数据库中 [PARTITIONS][20.14.00] 查看你创建的分区：

     mysql> SELECT TABLE_NAME, PARTITION_NAME, TABLE_ROWS, AVG_ROW_LENGTH, DATA_LENGTH
     >   FROM INFORMATION_SCHEMA.PARTITIONS
     >   WHERE TABLE_SCHEMA = 'p' AND TABLE_NAME LIKE 't_';
     +------------+----------------+------------+----------------+-------------+
     | TABLE_NAME | PARTITION_NAME | TABLE_ROWS | AVG_ROW_LENGTH | DATA_LENGTH |
     +------------+----------------+------------+----------------+-------------+
     | t1         | p0             |          0 |              0 |           0 |
     | t1         | p1             |          0 |              0 |           0 |
     | t1         | p2             |          0 |              0 |           0 |
     | t2         | p0             |          0 |              0 |           0 |
     | t2         | p1             |          0 |              0 |           0 |
     | t2         | p2             |          0 |              0 |           0 |
     | t2         | p3             |          0 |              0 |           0 |
     +------------+----------------+------------+----------------+-------------+
     7 rows in set (0.00 sec)

(关这个表更多信息，见 [Section 20.14, “The INFORMATION_SCHEMA PARTITIONS Table”][20.14.00])现在让我们用分区列为空置的行填充其中的每个表,并使用一对SELECT语句确认行已经被插入:

    mysql> INSERT INTO t1 VALUES (NULL, 'mothra');
    Query OK, 1 row affected (0.00 sec)

    mysql> INSERT INTO t2 VALUES (NULL, 'mothra');
    Query OK, 1 row affected (0.00 sec)

    mysql> SELECT * FROM t1;
    +------+--------+
    | id   | name   |
    +------+--------+
    | NULL | mothra |
    +------+--------+
    1 row in set (0.00 sec)

    mysql> SELECT * FROM t2;
    +------+--------+
    | id   | name   |
    +------+--------+
    | NULL | mothra |
    +------+--------+
    1 row in set (0.00 sec)

你可以通过查询[INFORMATION_SCHEMA.PARTITIONS][20.14.00]表，看看行被存储到哪个分区。

    mysql> SELECT TABLE_NAME, PARTITION_NAME, TABLE_ROWS, AVG_ROW_LENGTH, DATA_LENGTH
     >   FROM INFORMATION_SCHEMA.PARTITIONS
     >   WHERE TABLE_SCHEMA = 'p' AND TABLE_NAME LIKE 't_';
     +------------+----------------+------------+----------------+-------------+
     | TABLE_NAME | PARTITION_NAME | TABLE_ROWS | AVG_ROW_LENGTH | DATA_LENGTH |
     +------------+----------------+------------+----------------+-------------+
     | t1         | p0             |          1 |             20 |          20 |
     | t1         | p1             |          0 |              0 |           0 |
     | t1         | p2             |          0 |              0 |           0 |
     | t2         | p0             |          1 |             20 |          20 |
     | t2         | p1             |          0 |              0 |           0 |
     | t2         | p2             |          0 |              0 |           0 |
     | t2         | p3             |          0 |              0 |           0 |
     +------------+----------------+------------+----------------+-------------+
     7 rows in set (0.01 sec)

你也可以通过删除这些分区证明这些行存储在每个表的最小分区,然后重新运行[SELECT][13.02.09]语句:

    mysql> ALTER TABLE t1 DROP PARTITION p0;
    Query OK, 0 rows affected (0.16 sec)

    mysql> ALTER TABLE t2 DROP PARTITION p0;
    Query OK, 0 rows affected (0.16 sec)

    mysql> SELECT * FROM t1;
    Empty set (0.00 sec)

    mysql> SELECT * FROM t2;
    Empty set (0.00 sec)
(有关 ALTER TABLE ... DROP PARTITION更多信息，见 [Section 13.1.7, “ALTER TABLE Syntax”][13.01.07])

对于分区表达式使用SQL函数时，NULL也是这样处理的。假如使用 [CREATE TABLE][13.01.17] 语句创建下面一个表：

    CREATE TABLE tndate (
    id INT,
    dt DATE
    )
    PARTITION BY RANGE( YEAR(dt) ) (
    PARTITION p0 VALUES LESS THAN (1990),
    PARTITION p1 VALUES LESS THAN (2000),
    PARTITION p2 VALUES LESS THAN MAXVALUE
    );

与其它MySQL函数一样， [YEAR(NULL)][12.07.00]返回NULL。行中dt列的NULL值通过分区表达式计算出的值低于任何其他值,那么插入分区p0。

**LIST分区出来NULL值**。LIST分区表承认NULL值当且仅当它的一个分区定义的值列表包含NULL值。相反的是,一个LIST分区表,该值列表并没有显式包含NULL则拒绝分区表达式产生NULL值得行插入,如本例中所示:

    mysql> CREATE TABLE ts1 (
    ->     c1 INT,
    ->     c2 VARCHAR(20)
    -> )
    -> PARTITION BY LIST(c1) (
    ->     PARTITION p0 VALUES IN (0, 3, 6),
    ->     PARTITION p1 VALUES IN (1, 4, 7),
    ->     PARTITION p2 VALUES IN (2, 5, 8)
    -> );
    Query OK, 0 rows affected (0.01 sec)

    mysql> INSERT INTO ts1 VALUES (9, 'mothra');
    ERROR 1504 (HY000): Table has no partition for value 9

    mysql> INSERT INTO ts1 VALUES (NULL, 'mothra');
    ERROR 1504 (HY000): Table has no partition for value NULL

只有c1值介于0和8的行可以插入 ts1。NULL超出这个范围,就像数字9。我们可以创建表ts2， ts3包含NULL,如下所示:

    mysql> CREATE TABLE ts2 (
    ->     c1 INT,
    ->     c2 VARCHAR(20)
    -> )
    -> PARTITION BY LIST(c1) (
    ->     PARTITION p0 VALUES IN (0, 3, 6),
    ->     PARTITION p1 VALUES IN (1, 4, 7),
    ->     PARTITION p2 VALUES IN (2, 5, 8),
    ->     PARTITION p3 VALUES IN (NULL)
    -> );
    Query OK, 0 rows affected (0.01 sec)

    mysql> CREATE TABLE ts3 (
    ->     c1 INT,
    ->     c2 VARCHAR(20)
    -> )
    -> PARTITION BY LIST(c1) (
    ->     PARTITION p0 VALUES IN (0, 3, 6),
    ->     PARTITION p1 VALUES IN (1, 4, 7, NULL),
    ->     PARTITION p2 VALUES IN (2, 5, 8)
    -> );
    Query OK, 0 rows affected (0.01 sec)

当对分区定义值列表,您可以(也应该)把NULL看着就像其他任何值。例如, VALUES IN (NULL)和 VALUES IN (1, 4, 7, NULL)是有效的,就像VALUES IN (1, NULL, 4, 7), VALUES IN (NULL, 1, 4, 7),等等。你可以插入C1列为NULL的行到ts2和ts3表中:

    mysql> INSERT INTO ts2 VALUES (NULL, 'mothra');
    Query OK, 1 row affected (0.00 sec)

    mysql> INSERT INTO ts3 VALUES (NULL, 'mothra');
    Query OK, 1 row affected (0.00 sec)

通过发出[INFORMATION_SCHEMA.PARTITIONS][20.14.00]相应的查询。您可以确定哪个分区被用来存储刚才插入的行(我们假设,和前面的例子一样,分区表被创建在p数据库):

     mysql> SELECT TABLE_NAME, PARTITION_NAME, TABLE_ROWS, AVG_ROW_LENGTH, DATA_LENGTH
     >   FROM INFORMATION_SCHEMA.PARTITIONS
     >   WHERE TABLE_SCHEMA = 'p' AND TABLE_NAME LIKE 'ts_';
    +------------+----------------+------------+----------------+-------------+
    | TABLE_NAME | PARTITION_NAME | TABLE_ROWS | AVG_ROW_LENGTH | DATA_LENGTH |
    +------------+----------------+------------+----------------+-------------+
    | ts2        | p0             |          0 |              0 |           0 |
    | ts2        | p1             |          0 |              0 |           0 |
    | ts2        | p2             |          0 |              0 |           0 |
    | ts2        | p3             |          1 |             20 |          20 |
    | ts3        | p0             |          0 |              0 |           0 |
    | ts3        | p1             |          1 |             20 |          20 |
    | ts3        | p2             |          0 |              0 |           0 |
    +------------+----------------+------------+----------------+-------------+
    7 rows in set (0.01 sec)

正如本节中之前所示,您还可以验证哪些分区存储这些行，通过删除这些分区,然后执行一个[SELECT][13.02.09]。

**HASH和KEY分区处理NULL值**。HASH或KEY分区表处理NULL值有些不同。任何产生NULL值的表达式都视同好像它的返回值为0。我们可以通过先创建一个按HASH分区的表，然后插入一个包含有适当值的记录，再检查对文件系统的作用，来验证这一点。假定有使用下面的语句在p数据库中创建了一个表th:
    
    mysql> CREATE TABLE th (
    ->     c1 INT,
    ->     c2 VARCHAR(20)
    -> )
    -> PARTITION BY HASH(c1)
    -> PARTITIONS 2;
    Query OK, 0 rows affected (0.00 sec)

属于这个表的分区可以使用该查询来查看:

     mysql> SELECT TABLE_NAME,PARTITION_NAME,TABLE_ROWS,AVG_ROW_LENGTH,DATA_LENGTH
     >   FROM INFORMATION_SCHEMA.PARTITIONS
     >   WHERE TABLE_SCHEMA = 'p' AND TABLE_NAME ='th';
     +------------+----------------+------------+----------------+-------------+
     | TABLE_NAME | PARTITION_NAME | TABLE_ROWS | AVG_ROW_LENGTH | DATA_LENGTH |
     +------------+----------------+------------+----------------+-------------+
     | th         | p0             |          0 |              0 |           0 |
     | th         | p1             |          0 |              0 |           0 |
     +------------+----------------+------------+----------------+-------------+
     2 rows in set (0.00 sec)
注意,每个分区表的行数为0。现在插入c1列值为NULL和0的两行到th,并验证这些被插入的行,如下所示:

    mysql> INSERT INTO th VALUES (NULL, 'mothra'), (0, 'gigan');
    Query OK, 1 row affected (0.00 sec)

    mysql> SELECT * FROM th;
    +------+---------+
    | c1   | c2      |
    +------+---------+
    | NULL | mothra  |
    +------+---------+
    |    0 | gigan   |
    +------+---------+
    2 rows in set (0.01 sec)

记得,任何整数N,NULLMOD N 的值总是NULL。对HASH或KEY分区表,这个结果确定正确的分区方面被认为是0。再一次检查[INFORMATION_SCHEMA.PARTITIONS][20.14.00]。分区表,我们可以再次看到,两行插入p0分区:

     mysql> SELECT TABLE_NAME, PARTITION_NAME, TABLE_ROWS, AVG_ROW_LENGTH, DATA_LENGTH
     >   FROM INFORMATION_SCHEMA.PARTITIONS
     >   WHERE TABLE_SCHEMA = 'p' AND TABLE_NAME ='th';
     +------------+----------------+------------+----------------+-------------+
     | TABLE_NAME | PARTITION_NAME | TABLE_ROWS | AVG_ROW_LENGTH | DATA_LENGTH |
     +------------+----------------+------------+----------------+-------------+
     | th         | p0             |          2 |             20 |          20 |
     | th         | p1             |          0 |              0 |           0 |
     +------------+----------------+------------+----------------+-------------+
     2 rows in set (0.00 sec)

如果你在表的定义使用PARTITION BY KEY 代替PARTITION BY HASH 重复这个例子,您可以很容易验证这种类型的分区把NULL也当作0来处理。


[20.14.00]:../Chapter_20/20.14.00_The_INFORMATION\_SCHEMA_PARTITIONS_Table.md
[13.02.09]:../Chapter_13/13.02.09_SELECT_Syntax.md
[13.01.07]:../Chapter_13/13.01.07_ALTER_TABLE_Syntax.md
[13.01.17]:../Chapter_13/13.01.17_CREATE_TABLE_Syntax.md
[12.07.00]:../Chapter_12/12.07.00_Date_and_Time_Functions.md